=== Running AI Advisor Tests ===

[TEST] Condition 1: Empty Tools
  -> You need to add tools to get financial insights.

[TEST] Condition 2: Unused Expensive Tool
  -> You have $99.99 tied up in 1 completely unused tools.
  -> Cancel or refund Ghost Subscription to immediately save $99.99.
  -> Critical: Over 50% of your software stack is unused. A drastic audit is recommended.

[TEST] Condition 3: Low Usage Tool (Bought > 30 days ago, used < 3 times)
  -> You are getting very low value from 1 tools (costing $29.00).
  -> Warning: Forgotten App has barely been used since purchase. Evaluate if you really need it.
  -> Your strongest investment is Forgotten App with 2 uses. This is driving the most value.

[TEST] Condition 4: High Value / Most Used Tool
  -> Your strongest investment is VS Code Pro with 420 uses. This is driving the most value.
  -> Excellent capital allocation! You are actively using all your tools.

[TEST] Condition 5: Mixed Stack (Some unused, some highly used)
  -> You have $149.98 tied up in 2 completely unused tools.
  -> Cancel or refund Ghost Subscription to immediately save $99.99.
  -> Your strongest investment is Daily Driver with 150 uses. This is driving the most value.
  -> Critical: Over 50% of your software stack is unused. A drastic audit is recommended.

[TEST] Condition 6: Perfect Stack (No unused, no low usage)
  -> Your strongest investment is Daily Driver 1 with 150 uses. This is driving the most value.
  -> Excellent capital allocation! You are actively using all your tools.

